C51 COMPILER V9.60.0.0   MAIN                                                              05/27/2022 16:50:56 PAGE 1   


C51 COMPILER V9.60.0.0, COMPILATION OF MODULE MAIN
OBJECT MODULE PLACED IN .\Objects\main.obj
COMPILER INVOKED BY: E:\COMPILE\KILE\C51\BIN\C51.EXE main.c OPTIMIZE(8,SPEED) BROWSE DEBUG OBJECTEXTEND PRINT(.\Listings
                    -\main.lst) TABS(2) OBJECT(.\Objects\main.obj)

line level    source

   1          #include<reg52.h>
   2          typedef unsigned char u8;
   3          typedef unsigned int u16;
   4          
   5          sbit led = P1^0; // 点个灯看看
   6          
   7          void delay(j) 
   8          {
   9   1        //u16 i = 110;
  10   1        while(j --); 
  11   1      }
  12          
  13          
  14          void main () 
  15          {
  16   1          while (1) 
  17   1          {
  18   2            led = 0;
  19   2            delay(500000);
  20   2            led = 1;
  21   2            delay(500000);
  22   2          } 
  23   1      }


MODULE INFORMATION:   STATIC OVERLAYABLE
   CODE SIZE        =     31    ----
   CONSTANT SIZE    =   ----    ----
   XDATA SIZE       =   ----    ----
   PDATA SIZE       =   ----    ----
   DATA SIZE        =   ----    ----
   IDATA SIZE       =   ----    ----
   BIT SIZE         =   ----    ----
END OF MODULE INFORMATION.


C51 COMPILATION COMPLETE.  0 WARNING(S),  0 ERROR(S)
